Copyright 1986-2015 Xilinx, Inc. All Rights Reserved.
-----------------------------------------------------------------------------------------------------------------------------------------------
| Tool Version : Vivado v.2015.2 (lin64) Build 1266856 Fri Jun 26 16:35:25 MDT 2015
| Date         : Wed Nov  4 11:32:05 2015
| Host         : ws8.labo3 running 64-bit Ubuntu 14.04.1 LTS
| Command      : report_timing_summary -warn_on_violation -max_paths 10 -file mul_timing_summary_routed.rpt -rpx mul_timing_summary_routed.rpx
| Design       : mul
| Device       : 7z010-clg400
| Speed File   : -1  PRODUCTION 1.11 2014-09-11
-----------------------------------------------------------------------------------------------------------------------------------------------

Timing Summary Report

------------------------------------------------------------------------------------------------
| Timer Settings
| --------------
------------------------------------------------------------------------------------------------

  Enable Multi Corner Analysis               :  Yes
  Enable Pessimism Removal                   :  Yes
  Pessimism Removal Resolution               :  Nearest Common Node
  Enable Input Delay Default Clock           :  No
  Enable Preset / Clear Arcs                 :  No
  Disable Flight Delays                      :  No

  Corner  Analyze    Analyze    
  Name    Max Paths  Min Paths  
  ------  ---------  ---------  
  Slow    Yes        Yes        
  Fast    Yes        Yes        



check_timing report

Table of Contents
-----------------
1. checking no_clock
2. checking constant_clock
3. checking pulse_width_clock
4. checking unconstrained_internal_endpoints
5. checking no_input_delay
6. checking no_output_delay
7. checking multiple_clock
8. checking generated_clocks
9. checking loops
10. checking partial_input_delay
11. checking partial_output_delay
12. checking latch_loops

1. checking no_clock
--------------------
 There are 0 register/latch pins with no clock.


2. checking constant_clock
--------------------------
 There are 0 register/latch pins with constant_clock.


3. checking pulse_width_clock
-----------------------------
 There are 0 register/latch pins which need pulse_width check


4. checking unconstrained_internal_endpoints
--------------------------------------------
 There are 0 pins that are not constrained for maximum delay.

 There are 0 pins that are not constrained for maximum delay due to constant clock.


5. checking no_input_delay
--------------------------
 There are 27 input ports with no input delay specified. (HIGH)

 There are 0 input ports with no input delay but user has a false path constraint.


6. checking no_output_delay
---------------------------
 There are 22 ports with no output delay specified. (HIGH)

 There are 0 ports with no output delay but user has a false path constraint

 There are 0 ports with no output delay but with a timing clock defined on it or propagating through it


7. checking multiple_clock
--------------------------
 There are 0 register/latch pins with multiple clocks.


8. checking generated_clocks
----------------------------
 There are 0 generated clocks that are not connected to a clock source.


9. checking loops
-----------------
 There are 0 combinational loops in the design.


10. checking partial_input_delay
--------------------------------
 There are 0 input ports with partial input delay specified.


11. checking partial_output_delay
---------------------------------
 There are 0 ports with partial output delay specified.


12. checking latch_loops
------------------------
 There are 0 combinational latch loops in the design through latch input



------------------------------------------------------------------------------------------------
| Design Timing Summary
| ---------------------
------------------------------------------------------------------------------------------------

    WNS(ns)      TNS(ns)  TNS Failing Endpoints  TNS Total Endpoints      WHS(ns)      THS(ns)  THS Failing Endpoints  THS Total Endpoints     WPWS(ns)     TPWS(ns)  TPWS Failing Endpoints  TPWS Total Endpoints  
    -------      -------  ---------------------  -------------------      -------      -------  ---------------------  -------------------     --------     --------  ----------------------  --------------------  
      1.981        0.000                      0                  158        0.182        0.000                      0                  158        3.500        0.000                       0                    83  


All user specified timing constraints are met.


------------------------------------------------------------------------------------------------
| Clock Summary
| -------------
------------------------------------------------------------------------------------------------

Clock   Waveform(ns)         Period(ns)      Frequency(MHz)
-----   ------------         ----------      --------------
ap_clk  {0.000 4.000}        8.000           125.000         


------------------------------------------------------------------------------------------------
| Intra Clock Table
| -----------------
------------------------------------------------------------------------------------------------

Clock             WNS(ns)      TNS(ns)  TNS Failing Endpoints  TNS Total Endpoints      WHS(ns)      THS(ns)  THS Failing Endpoints  THS Total Endpoints     WPWS(ns)     TPWS(ns)  TPWS Failing Endpoints  TPWS Total Endpoints  
-----             -------      -------  ---------------------  -------------------      -------      -------  ---------------------  -------------------     --------     --------  ----------------------  --------------------  
ap_clk              1.981        0.000                      0                  158        0.182        0.000                      0                  158        3.500        0.000                       0                    83  


------------------------------------------------------------------------------------------------
| Inter Clock Table
| -----------------
------------------------------------------------------------------------------------------------

From Clock    To Clock          WNS(ns)      TNS(ns)  TNS Failing Endpoints  TNS Total Endpoints      WHS(ns)      THS(ns)  THS Failing Endpoints  THS Total Endpoints  
----------    --------          -------      -------  ---------------------  -------------------      -------      -------  ---------------------  -------------------  


------------------------------------------------------------------------------------------------
| Other Path Groups Table
| -----------------------
------------------------------------------------------------------------------------------------

Path Group    From Clock    To Clock          WNS(ns)      TNS(ns)  TNS Failing Endpoints  TNS Total Endpoints      WHS(ns)      THS(ns)  THS Failing Endpoints  THS Total Endpoints  
----------    ----------    --------          -------      -------  ---------------------  -------------------      -------      -------  ---------------------  -------------------  


------------------------------------------------------------------------------------------------
| Timing Details
| --------------
------------------------------------------------------------------------------------------------


---------------------------------------------------------------------------------------------------
From Clock:  ap_clk
  To Clock:  ap_clk

Setup :            0  Failing Endpoints,  Worst Slack        1.981ns,  Total Violation        0.000ns
Hold  :            0  Failing Endpoints,  Worst Slack        0.182ns,  Total Violation        0.000ns
PW    :            0  Failing Endpoints,  Worst Slack        3.500ns,  Total Violation        0.000ns
---------------------------------------------------------------------------------------------------


Max Delay Paths
--------------------------------------------------------------------------------------
Slack (MET) :             1.981ns  (required time - arrival time)
  Source:                 b_read_reg_46_reg[3]/C
                            (rising edge-triggered cell FDRE clocked by ap_clk  {rise@0.000ns fall@4.000ns period=8.000ns})
  Destination:            mul_AXILiteS_s_axi_U/int_ap_return_reg[15]/D
                            (rising edge-triggered cell FDRE clocked by ap_clk  {rise@0.000ns fall@4.000ns period=8.000ns})
  Path Group:             ap_clk
  Path Type:              Setup (Max at Slow Process Corner)
  Requirement:            8.000ns  (ap_clk rise@8.000ns - ap_clk rise@0.000ns)
  Data Path Delay:        6.022ns  (logic 2.779ns (46.151%)  route 3.243ns (53.849%))
  Logic Levels:           8  (CARRY4=4 LUT3=1 LUT4=1 LUT6=2)
  Clock Path Skew:        -0.024ns (DCD - SCD + CPR)
    Destination Clock Delay (DCD):    1.505ns = ( 9.505 - 8.000 ) 
    Source Clock Delay      (SCD):    1.679ns
    Clock Pessimism Removal (CPR):    0.150ns
  Clock Uncertainty:      0.035ns  ((TSJ^2 + TIJ^2)^1/2 + DJ) / 2 + PE
    Total System Jitter     (TSJ):    0.071ns
    Total Input Jitter      (TIJ):    0.000ns
    Discrete Jitter          (DJ):    0.000ns
    Phase Error              (PE):    0.000ns

    Location             Delay type                Incr(ns)  Path(ns)    Netlist Resource(s)
  -------------------------------------------------------------------    -------------------
                         (clock ap_clk rise edge)     0.000     0.000 r  
                                                      0.000     0.000 r  ap_clk (IN)
                         net (fo=82, unset)           1.679     1.679    ap_clk
    SLICE_X14Y45         FDRE                                         r  b_read_reg_46_reg[3]/C
  -------------------------------------------------------------------    -------------------
    SLICE_X14Y45         FDRE (Prop_fdre_C_Q)         0.456     2.135 f  b_read_reg_46_reg[3]/Q
                         net (fo=25, routed)          1.331     3.466    b_read_reg_46[3]
    SLICE_X13Y42         LUT6 (Prop_lut6_I0_O)        0.124     3.590 r  int_ap_return[10]_i_41/O
                         net (fo=1, routed)           0.709     4.299    int_ap_return[10]_i_41_n_0
    SLICE_X14Y43         LUT6 (Prop_lut6_I5_O)        0.124     4.423 r  int_ap_return[10]_i_27/O
                         net (fo=1, routed)           0.000     4.423    int_ap_return[10]_i_27_n_0
    SLICE_X14Y43         CARRY4 (Prop_carry4_S[0]_O[2])
                                                      0.547     4.970 r  int_ap_return_reg[10]_i_11/O[2]
                         net (fo=2, routed)           0.641     5.611    mul_AXILiteS_s_axi_U/a_read_reg_51_reg[2][2]
    SLICE_X15Y44         LUT3 (Prop_lut3_I2_O)        0.327     5.938 r  mul_AXILiteS_s_axi_U/int_ap_return[10]_i_5/O
                         net (fo=2, routed)           0.561     6.500    mul_AXILiteS_s_axi_U/int_ap_return[10]_i_5_n_0
    SLICE_X15Y45         LUT4 (Prop_lut4_I3_O)        0.332     6.832 r  mul_AXILiteS_s_axi_U/int_ap_return[10]_i_9/O
                         net (fo=1, routed)           0.000     6.832    mul_AXILiteS_s_axi_U/int_ap_return[10]_i_9_n_0
    SLICE_X15Y45         CARRY4 (Prop_carry4_S[0]_CO[3])
                                                      0.532     7.364 r  mul_AXILiteS_s_axi_U/int_ap_return_reg[10]_i_1/CO[3]
                         net (fo=1, routed)           0.000     7.364    mul_AXILiteS_s_axi_U/int_ap_return_reg[10]_i_1_n_0
    SLICE_X15Y46         CARRY4 (Prop_carry4_CI_CO[3])
                                                      0.114     7.478 r  mul_AXILiteS_s_axi_U/int_ap_return_reg[14]_i_1/CO[3]
                         net (fo=1, routed)           0.000     7.478    mul_AXILiteS_s_axi_U/int_ap_return_reg[14]_i_1_n_0
    SLICE_X15Y47         CARRY4 (Prop_carry4_CI_O[0])
                                                      0.223     7.701 r  mul_AXILiteS_s_axi_U/int_ap_return_reg[15]_i_1/O[0]
                         net (fo=1, routed)           0.000     7.701    mul_AXILiteS_s_axi_U/ap_return[15]
    SLICE_X15Y47         FDRE                                         r  mul_AXILiteS_s_axi_U/int_ap_return_reg[15]/D
  -------------------------------------------------------------------    -------------------

                         (clock ap_clk rise edge)     8.000     8.000 r  
                                                      0.000     8.000 r  ap_clk (IN)
                         net (fo=82, unset)           1.505     9.505    mul_AXILiteS_s_axi_U/ap_clk
    SLICE_X15Y47         FDRE                                         r  mul_AXILiteS_s_axi_U/int_ap_return_reg[15]/C
                         clock pessimism              0.150     9.655    
                         clock uncertainty           -0.035     9.620    
    SLICE_X15Y47         FDRE (Setup_fdre_C_D)        0.062     9.682    mul_AXILiteS_s_axi_U/int_ap_return_reg[15]
  -------------------------------------------------------------------
                         required time                          9.682    
                         arrival time                          -7.701    
  -------------------------------------------------------------------
                         slack                                  1.981    

Slack (MET) :             1.983ns  (required time - arrival time)
  Source:                 b_read_reg_46_reg[3]/C
                            (rising edge-triggered cell FDRE clocked by ap_clk  {rise@0.000ns fall@4.000ns period=8.000ns})
  Destination:            mul_AXILiteS_s_axi_U/int_ap_return_reg[12]/D
                            (rising edge-triggered cell FDRE clocked by ap_clk  {rise@0.000ns fall@4.000ns period=8.000ns})
  Path Group:             ap_clk
  Path Type:              Setup (Max at Slow Process Corner)
  Requirement:            8.000ns  (ap_clk rise@8.000ns - ap_clk rise@0.000ns)
  Data Path Delay:        6.019ns  (logic 2.776ns (46.124%)  route 3.243ns (53.876%))
  Logic Levels:           7  (CARRY4=3 LUT3=1 LUT4=1 LUT6=2)
  Clock Path Skew:        -0.025ns (DCD - SCD + CPR)
    Destination Clock Delay (DCD):    1.504ns = ( 9.504 - 8.000 ) 
    Source Clock Delay      (SCD):    1.679ns
    Clock Pessimism Removal (CPR):    0.150ns
  Clock Uncertainty:      0.035ns  ((TSJ^2 + TIJ^2)^1/2 + DJ) / 2 + PE
    Total System Jitter     (TSJ):    0.071ns
    Total Input Jitter      (TIJ):    0.000ns
    Discrete Jitter          (DJ):    0.000ns
    Phase Error              (PE):    0.000ns

    Location             Delay type                Incr(ns)  Path(ns)    Netlist Resource(s)
  -------------------------------------------------------------------    -------------------
                         (clock ap_clk rise edge)     0.000     0.000 r  
                                                      0.000     0.000 r  ap_clk (IN)
                         net (fo=82, unset)           1.679     1.679    ap_clk
    SLICE_X14Y45         FDRE                                         r  b_read_reg_46_reg[3]/C
  -------------------------------------------------------------------    -------------------
    SLICE_X14Y45         FDRE (Prop_fdre_C_Q)         0.456     2.135 f  b_read_reg_46_reg[3]/Q
                         net (fo=25, routed)          1.331     3.466    b_read_reg_46[3]
    SLICE_X13Y42         LUT6 (Prop_lut6_I0_O)        0.124     3.590 r  int_ap_return[10]_i_41/O
                         net (fo=1, routed)           0.709     4.299    int_ap_return[10]_i_41_n_0
    SLICE_X14Y43         LUT6 (Prop_lut6_I5_O)        0.124     4.423 r  int_ap_return[10]_i_27/O
                         net (fo=1, routed)           0.000     4.423    int_ap_return[10]_i_27_n_0
    SLICE_X14Y43         CARRY4 (Prop_carry4_S[0]_O[2])
                                                      0.547     4.970 r  int_ap_return_reg[10]_i_11/O[2]
                         net (fo=2, routed)           0.641     5.611    mul_AXILiteS_s_axi_U/a_read_reg_51_reg[2][2]
    SLICE_X15Y44         LUT3 (Prop_lut3_I2_O)        0.327     5.938 r  mul_AXILiteS_s_axi_U/int_ap_return[10]_i_5/O
                         net (fo=2, routed)           0.561     6.500    mul_AXILiteS_s_axi_U/int_ap_return[10]_i_5_n_0
    SLICE_X15Y45         LUT4 (Prop_lut4_I3_O)        0.332     6.832 r  mul_AXILiteS_s_axi_U/int_ap_return[10]_i_9/O
                         net (fo=1, routed)           0.000     6.832    mul_AXILiteS_s_axi_U/int_ap_return[10]_i_9_n_0
    SLICE_X15Y45         CARRY4 (Prop_carry4_S[0]_CO[3])
                                                      0.532     7.364 r  mul_AXILiteS_s_axi_U/int_ap_return_reg[10]_i_1/CO[3]
                         net (fo=1, routed)           0.000     7.364    mul_AXILiteS_s_axi_U/int_ap_return_reg[10]_i_1_n_0
    SLICE_X15Y46         CARRY4 (Prop_carry4_CI_O[1])
                                                      0.334     7.698 r  mul_AXILiteS_s_axi_U/int_ap_return_reg[14]_i_1/O[1]
                         net (fo=1, routed)           0.000     7.698    mul_AXILiteS_s_axi_U/ap_return[12]
    SLICE_X15Y46         FDRE                                         r  mul_AXILiteS_s_axi_U/int_ap_return_reg[12]/D
  -------------------------------------------------------------------    -------------------

                         (clock ap_clk rise edge)     8.000     8.000 r  
                                                      0.000     8.000 r  ap_clk (IN)
                         net (fo=82, unset)           1.504     9.504    mul_AXILiteS_s_axi_U/ap_clk
    SLICE_X15Y46         FDRE                                         r  mul_AXILiteS_s_axi_U/int_ap_return_reg[12]/C
                         clock pessimism              0.150     9.654    
                         clock uncertainty           -0.035     9.619    
    SLICE_X15Y46         FDRE (Setup_fdre_C_D)        0.062     9.681    mul_AXILiteS_s_axi_U/int_ap_return_reg[12]
  -------------------------------------------------------------------
                         required time                          9.681    
                         arrival time                          -7.698    
  -------------------------------------------------------------------
                         slack                                  1.983    

Slack (MET) :             2.004ns  (required time - arrival time)
  Source:                 b_read_reg_46_reg[3]/C
                            (rising edge-triggered cell FDRE clocked by ap_clk  {rise@0.000ns fall@4.000ns period=8.000ns})
  Destination:            mul_AXILiteS_s_axi_U/int_ap_return_reg[14]/D
                            (rising edge-triggered cell FDRE clocked by ap_clk  {rise@0.000ns fall@4.000ns period=8.000ns})
  Path Group:             ap_clk
  Path Type:              Setup (Max at Slow Process Corner)
  Requirement:            8.000ns  (ap_clk rise@8.000ns - ap_clk rise@0.000ns)
  Data Path Delay:        5.998ns  (logic 2.755ns (45.936%)  route 3.243ns (54.064%))
  Logic Levels:           7  (CARRY4=3 LUT3=1 LUT4=1 LUT6=2)
  Clock Path Skew:        -0.025ns (DCD - SCD + CPR)
    Destination Clock Delay (DCD):    1.504ns = ( 9.504 - 8.000 ) 
    Source Clock Delay      (SCD):    1.679ns
    Clock Pessimism Removal (CPR):    0.150ns
  Clock Uncertainty:      0.035ns  ((TSJ^2 + TIJ^2)^1/2 + DJ) / 2 + PE
    Total System Jitter     (TSJ):    0.071ns
    Total Input Jitter      (TIJ):    0.000ns
    Discrete Jitter          (DJ):    0.000ns
    Phase Error              (PE):    0.000ns

    Location             Delay type                Incr(ns)  Path(ns)    Netlist Resource(s)
  -------------------------------------------------------------------    -------------------
                         (clock ap_clk rise edge)     0.000     0.000 r  
                                                      0.000     0.000 r  ap_clk (IN)
                         net (fo=82, unset)           1.679     1.679    ap_clk
    SLICE_X14Y45         FDRE                                         r  b_read_reg_46_reg[3]/C
  -------------------------------------------------------------------    -------------------
    SLICE_X14Y45         FDRE (Prop_fdre_C_Q)         0.456     2.135 f  b_read_reg_46_reg[3]/Q
                         net (fo=25, routed)          1.331     3.466    b_read_reg_46[3]
    SLICE_X13Y42         LUT6 (Prop_lut6_I0_O)        0.124     3.590 r  int_ap_return[10]_i_41/O
                         net (fo=1, routed)           0.709     4.299    int_ap_return[10]_i_41_n_0
    SLICE_X14Y43         LUT6 (Prop_lut6_I5_O)        0.124     4.423 r  int_ap_return[10]_i_27/O
                         net (fo=1, routed)           0.000     4.423    int_ap_return[10]_i_27_n_0
    SLICE_X14Y43         CARRY4 (Prop_carry4_S[0]_O[2])
                                                      0.547     4.970 r  int_ap_return_reg[10]_i_11/O[2]
                         net (fo=2, routed)           0.641     5.611    mul_AXILiteS_s_axi_U/a_read_reg_51_reg[2][2]
    SLICE_X15Y44         LUT3 (Prop_lut3_I2_O)        0.327     5.938 r  mul_AXILiteS_s_axi_U/int_ap_return[10]_i_5/O
                         net (fo=2, routed)           0.561     6.500    mul_AXILiteS_s_axi_U/int_ap_return[10]_i_5_n_0
    SLICE_X15Y45         LUT4 (Prop_lut4_I3_O)        0.332     6.832 r  mul_AXILiteS_s_axi_U/int_ap_return[10]_i_9/O
                         net (fo=1, routed)           0.000     6.832    mul_AXILiteS_s_axi_U/int_ap_return[10]_i_9_n_0
    SLICE_X15Y45         CARRY4 (Prop_carry4_S[0]_CO[3])
                                                      0.532     7.364 r  mul_AXILiteS_s_axi_U/int_ap_return_reg[10]_i_1/CO[3]
                         net (fo=1, routed)           0.000     7.364    mul_AXILiteS_s_axi_U/int_ap_return_reg[10]_i_1_n_0
    SLICE_X15Y46         CARRY4 (Prop_carry4_CI_O[3])
                                                      0.313     7.677 r  mul_AXILiteS_s_axi_U/int_ap_return_reg[14]_i_1/O[3]
                         net (fo=1, routed)           0.000     7.677    mul_AXILiteS_s_axi_U/ap_return[14]
    SLICE_X15Y46         FDRE                                         r  mul_AXILiteS_s_axi_U/int_ap_return_reg[14]/D
  -------------------------------------------------------------------    -------------------

                         (clock ap_clk rise edge)     8.000     8.000 r  
                                                      0.000     8.000 r  ap_clk (IN)
                         net (fo=82, unset)           1.504     9.504    mul_AXILiteS_s_axi_U/ap_clk
    SLICE_X15Y46         FDRE                                         r  mul_AXILiteS_s_axi_U/int_ap_return_reg[14]/C
                         clock pessimism              0.150     9.654    
                         clock uncertainty           -0.035     9.619    
    SLICE_X15Y46         FDRE (Setup_fdre_C_D)        0.062     9.681    mul_AXILiteS_s_axi_U/int_ap_return_reg[14]
  -------------------------------------------------------------------
                         required time                          9.681    
                         arrival time                          -7.677    
  -------------------------------------------------------------------
                         slack                                  2.004    

Slack (MET) :             2.078ns  (required time - arrival time)
  Source:                 b_read_reg_46_reg[3]/C
                            (rising edge-triggered cell FDRE clocked by ap_clk  {rise@0.000ns fall@4.000ns period=8.000ns})
  Destination:            mul_AXILiteS_s_axi_U/int_ap_return_reg[13]/D
                            (rising edge-triggered cell FDRE clocked by ap_clk  {rise@0.000ns fall@4.000ns period=8.000ns})
  Path Group:             ap_clk
  Path Type:              Setup (Max at Slow Process Corner)
  Requirement:            8.000ns  (ap_clk rise@8.000ns - ap_clk rise@0.000ns)
  Data Path Delay:        5.924ns  (logic 2.681ns (45.260%)  route 3.243ns (54.740%))
  Logic Levels:           7  (CARRY4=3 LUT3=1 LUT4=1 LUT6=2)
  Clock Path Skew:        -0.025ns (DCD - SCD + CPR)
    Destination Clock Delay (DCD):    1.504ns = ( 9.504 - 8.000 ) 
    Source Clock Delay      (SCD):    1.679ns
    Clock Pessimism Removal (CPR):    0.150ns
  Clock Uncertainty:      0.035ns  ((TSJ^2 + TIJ^2)^1/2 + DJ) / 2 + PE
    Total System Jitter     (TSJ):    0.071ns
    Total Input Jitter      (TIJ):    0.000ns
    Discrete Jitter          (DJ):    0.000ns
    Phase Error              (PE):    0.000ns

    Location             Delay type                Incr(ns)  Path(ns)    Netlist Resource(s)
  -------------------------------------------------------------------    -------------------
                         (clock ap_clk rise edge)     0.000     0.000 r  
                                                      0.000     0.000 r  ap_clk (IN)
                         net (fo=82, unset)           1.679     1.679    ap_clk
    SLICE_X14Y45         FDRE                                         r  b_read_reg_46_reg[3]/C
  -------------------------------------------------------------------    -------------------
    SLICE_X14Y45         FDRE (Prop_fdre_C_Q)         0.456     2.135 f  b_read_reg_46_reg[3]/Q
                         net (fo=25, routed)          1.331     3.466    b_read_reg_46[3]
    SLICE_X13Y42         LUT6 (Prop_lut6_I0_O)        0.124     3.590 r  int_ap_return[10]_i_41/O
                         net (fo=1, routed)           0.709     4.299    int_ap_return[10]_i_41_n_0
    SLICE_X14Y43         LUT6 (Prop_lut6_I5_O)        0.124     4.423 r  int_ap_return[10]_i_27/O
                         net (fo=1, routed)           0.000     4.423    int_ap_return[10]_i_27_n_0
    SLICE_X14Y43         CARRY4 (Prop_carry4_S[0]_O[2])
                                                      0.547     4.970 r  int_ap_return_reg[10]_i_11/O[2]
                         net (fo=2, routed)           0.641     5.611    mul_AXILiteS_s_axi_U/a_read_reg_51_reg[2][2]
    SLICE_X15Y44         LUT3 (Prop_lut3_I2_O)        0.327     5.938 r  mul_AXILiteS_s_axi_U/int_ap_return[10]_i_5/O
                         net (fo=2, routed)           0.561     6.500    mul_AXILiteS_s_axi_U/int_ap_return[10]_i_5_n_0
    SLICE_X15Y45         LUT4 (Prop_lut4_I3_O)        0.332     6.832 r  mul_AXILiteS_s_axi_U/int_ap_return[10]_i_9/O
                         net (fo=1, routed)           0.000     6.832    mul_AXILiteS_s_axi_U/int_ap_return[10]_i_9_n_0
    SLICE_X15Y45         CARRY4 (Prop_carry4_S[0]_CO[3])
                                                      0.532     7.364 r  mul_AXILiteS_s_axi_U/int_ap_return_reg[10]_i_1/CO[3]
                         net (fo=1, routed)           0.000     7.364    mul_AXILiteS_s_axi_U/int_ap_return_reg[10]_i_1_n_0
    SLICE_X15Y46         CARRY4 (Prop_carry4_CI_O[2])
                                                      0.239     7.603 r  mul_AXILiteS_s_axi_U/int_ap_return_reg[14]_i_1/O[2]
                         net (fo=1, routed)           0.000     7.603    mul_AXILiteS_s_axi_U/ap_return[13]
    SLICE_X15Y46         FDRE                                         r  mul_AXILiteS_s_axi_U/int_ap_return_reg[13]/D
  -------------------------------------------------------------------    -------------------

                         (clock ap_clk rise edge)     8.000     8.000 r  
                                                      0.000     8.000 r  ap_clk (IN)
                         net (fo=82, unset)           1.504     9.504    mul_AXILiteS_s_axi_U/ap_clk
    SLICE_X15Y46         FDRE                                         r  mul_AXILiteS_s_axi_U/int_ap_return_reg[13]/C
                         clock pessimism              0.150     9.654    
                         clock uncertainty           -0.035     9.619    
    SLICE_X15Y46         FDRE (Setup_fdre_C_D)        0.062     9.681    mul_AXILiteS_s_axi_U/int_ap_return_reg[13]
  -------------------------------------------------------------------
                         required time                          9.681    
                         arrival time                          -7.603    
  -------------------------------------------------------------------
                         slack                                  2.078    

Slack (MET) :             2.094ns  (required time - arrival time)
  Source:                 b_read_reg_46_reg[3]/C
                            (rising edge-triggered cell FDRE clocked by ap_clk  {rise@0.000ns fall@4.000ns period=8.000ns})
  Destination:            mul_AXILiteS_s_axi_U/int_ap_return_reg[11]/D
                            (rising edge-triggered cell FDRE clocked by ap_clk  {rise@0.000ns fall@4.000ns period=8.000ns})
  Path Group:             ap_clk
  Path Type:              Setup (Max at Slow Process Corner)
  Requirement:            8.000ns  (ap_clk rise@8.000ns - ap_clk rise@0.000ns)
  Data Path Delay:        5.908ns  (logic 2.665ns (45.112%)  route 3.243ns (54.888%))
  Logic Levels:           7  (CARRY4=3 LUT3=1 LUT4=1 LUT6=2)
  Clock Path Skew:        -0.025ns (DCD - SCD + CPR)
    Destination Clock Delay (DCD):    1.504ns = ( 9.504 - 8.000 ) 
    Source Clock Delay      (SCD):    1.679ns
    Clock Pessimism Removal (CPR):    0.150ns
  Clock Uncertainty:      0.035ns  ((TSJ^2 + TIJ^2)^1/2 + DJ) / 2 + PE
    Total System Jitter     (TSJ):    0.071ns
    Total Input Jitter      (TIJ):    0.000ns
    Discrete Jitter          (DJ):    0.000ns
    Phase Error              (PE):    0.000ns

    Location             Delay type                Incr(ns)  Path(ns)    Netlist Resource(s)
  -------------------------------------------------------------------    -------------------
                         (clock ap_clk rise edge)     0.000     0.000 r  
                                                      0.000     0.000 r  ap_clk (IN)
                         net (fo=82, unset)           1.679     1.679    ap_clk
    SLICE_X14Y45         FDRE                                         r  b_read_reg_46_reg[3]/C
  -------------------------------------------------------------------    -------------------
    SLICE_X14Y45         FDRE (Prop_fdre_C_Q)         0.456     2.135 f  b_read_reg_46_reg[3]/Q
                         net (fo=25, routed)          1.331     3.466    b_read_reg_46[3]
    SLICE_X13Y42         LUT6 (Prop_lut6_I0_O)        0.124     3.590 r  int_ap_return[10]_i_41/O
                         net (fo=1, routed)           0.709     4.299    int_ap_return[10]_i_41_n_0
    SLICE_X14Y43         LUT6 (Prop_lut6_I5_O)        0.124     4.423 r  int_ap_return[10]_i_27/O
                         net (fo=1, routed)           0.000     4.423    int_ap_return[10]_i_27_n_0
    SLICE_X14Y43         CARRY4 (Prop_carry4_S[0]_O[2])
                                                      0.547     4.970 r  int_ap_return_reg[10]_i_11/O[2]
                         net (fo=2, routed)           0.641     5.611    mul_AXILiteS_s_axi_U/a_read_reg_51_reg[2][2]
    SLICE_X15Y44         LUT3 (Prop_lut3_I2_O)        0.327     5.938 r  mul_AXILiteS_s_axi_U/int_ap_return[10]_i_5/O
                         net (fo=2, routed)           0.561     6.500    mul_AXILiteS_s_axi_U/int_ap_return[10]_i_5_n_0
    SLICE_X15Y45         LUT4 (Prop_lut4_I3_O)        0.332     6.832 r  mul_AXILiteS_s_axi_U/int_ap_return[10]_i_9/O
                         net (fo=1, routed)           0.000     6.832    mul_AXILiteS_s_axi_U/int_ap_return[10]_i_9_n_0
    SLICE_X15Y45         CARRY4 (Prop_carry4_S[0]_CO[3])
                                                      0.532     7.364 r  mul_AXILiteS_s_axi_U/int_ap_return_reg[10]_i_1/CO[3]
                         net (fo=1, routed)           0.000     7.364    mul_AXILiteS_s_axi_U/int_ap_return_reg[10]_i_1_n_0
    SLICE_X15Y46         CARRY4 (Prop_carry4_CI_O[0])
                                                      0.223     7.587 r  mul_AXILiteS_s_axi_U/int_ap_return_reg[14]_i_1/O[0]
                         net (fo=1, routed)           0.000     7.587    mul_AXILiteS_s_axi_U/ap_return[11]
    SLICE_X15Y46         FDRE                                         r  mul_AXILiteS_s_axi_U/int_ap_return_reg[11]/D
  -------------------------------------------------------------------    -------------------

                         (clock ap_clk rise edge)     8.000     8.000 r  
                                                      0.000     8.000 r  ap_clk (IN)
                         net (fo=82, unset)           1.504     9.504    mul_AXILiteS_s_axi_U/ap_clk
    SLICE_X15Y46         FDRE                                         r  mul_AXILiteS_s_axi_U/int_ap_return_reg[11]/C
                         clock pessimism              0.150     9.654    
                         clock uncertainty           -0.035     9.619    
    SLICE_X15Y46         FDRE (Setup_fdre_C_D)        0.062     9.681    mul_AXILiteS_s_axi_U/int_ap_return_reg[11]
  -------------------------------------------------------------------
                         required time                          9.681    
                         arrival time                          -7.587    
  -------------------------------------------------------------------
                         slack                                  2.094    

Slack (MET) :             2.243ns  (required time - arrival time)
  Source:                 b_read_reg_46_reg[3]/C
                            (rising edge-triggered cell FDRE clocked by ap_clk  {rise@0.000ns fall@4.000ns period=8.000ns})
  Destination:            mul_AXILiteS_s_axi_U/int_ap_return_reg[10]/D
                            (rising edge-triggered cell FDRE clocked by ap_clk  {rise@0.000ns fall@4.000ns period=8.000ns})
  Path Group:             ap_clk
  Path Type:              Setup (Max at Slow Process Corner)
  Requirement:            8.000ns  (ap_clk rise@8.000ns - ap_clk rise@0.000ns)
  Data Path Delay:        5.759ns  (logic 2.516ns (43.692%)  route 3.243ns (56.308%))
  Logic Levels:           6  (CARRY4=2 LUT3=1 LUT4=1 LUT6=2)
  Clock Path Skew:        -0.025ns (DCD - SCD + CPR)
    Destination Clock Delay (DCD):    1.504ns = ( 9.504 - 8.000 ) 
    Source Clock Delay      (SCD):    1.679ns
    Clock Pessimism Removal (CPR):    0.150ns
  Clock Uncertainty:      0.035ns  ((TSJ^2 + TIJ^2)^1/2 + DJ) / 2 + PE
    Total System Jitter     (TSJ):    0.071ns
    Total Input Jitter      (TIJ):    0.000ns
    Discrete Jitter          (DJ):    0.000ns
    Phase Error              (PE):    0.000ns

    Location             Delay type                Incr(ns)  Path(ns)    Netlist Resource(s)
  -------------------------------------------------------------------    -------------------
                         (clock ap_clk rise edge)     0.000     0.000 r  
                                                      0.000     0.000 r  ap_clk (IN)
                         net (fo=82, unset)           1.679     1.679    ap_clk
    SLICE_X14Y45         FDRE                                         r  b_read_reg_46_reg[3]/C
  -------------------------------------------------------------------    -------------------
    SLICE_X14Y45         FDRE (Prop_fdre_C_Q)         0.456     2.135 f  b_read_reg_46_reg[3]/Q
                         net (fo=25, routed)          1.331     3.466    b_read_reg_46[3]
    SLICE_X13Y42         LUT6 (Prop_lut6_I0_O)        0.124     3.590 r  int_ap_return[10]_i_41/O
                         net (fo=1, routed)           0.709     4.299    int_ap_return[10]_i_41_n_0
    SLICE_X14Y43         LUT6 (Prop_lut6_I5_O)        0.124     4.423 r  int_ap_return[10]_i_27/O
                         net (fo=1, routed)           0.000     4.423    int_ap_return[10]_i_27_n_0
    SLICE_X14Y43         CARRY4 (Prop_carry4_S[0]_O[2])
                                                      0.547     4.970 r  int_ap_return_reg[10]_i_11/O[2]
                         net (fo=2, routed)           0.641     5.611    mul_AXILiteS_s_axi_U/a_read_reg_51_reg[2][2]
    SLICE_X15Y44         LUT3 (Prop_lut3_I2_O)        0.327     5.938 r  mul_AXILiteS_s_axi_U/int_ap_return[10]_i_5/O
                         net (fo=2, routed)           0.561     6.500    mul_AXILiteS_s_axi_U/int_ap_return[10]_i_5_n_0
    SLICE_X15Y45         LUT4 (Prop_lut4_I3_O)        0.332     6.832 r  mul_AXILiteS_s_axi_U/int_ap_return[10]_i_9/O
                         net (fo=1, routed)           0.000     6.832    mul_AXILiteS_s_axi_U/int_ap_return[10]_i_9_n_0
    SLICE_X15Y45         CARRY4 (Prop_carry4_S[0]_O[3])
                                                      0.606     7.438 r  mul_AXILiteS_s_axi_U/int_ap_return_reg[10]_i_1/O[3]
                         net (fo=1, routed)           0.000     7.438    mul_AXILiteS_s_axi_U/ap_return[10]
    SLICE_X15Y45         FDRE                                         r  mul_AXILiteS_s_axi_U/int_ap_return_reg[10]/D
  -------------------------------------------------------------------    -------------------

                         (clock ap_clk rise edge)     8.000     8.000 r  
                                                      0.000     8.000 r  ap_clk (IN)
                         net (fo=82, unset)           1.504     9.504    mul_AXILiteS_s_axi_U/ap_clk
    SLICE_X15Y45         FDRE                                         r  mul_AXILiteS_s_axi_U/int_ap_return_reg[10]/C
                         clock pessimism              0.150     9.654    
                         clock uncertainty           -0.035     9.619    
    SLICE_X15Y45         FDRE (Setup_fdre_C_D)        0.062     9.681    mul_AXILiteS_s_axi_U/int_ap_return_reg[10]
  -------------------------------------------------------------------
                         required time                          9.681    
                         arrival time                          -7.438    
  -------------------------------------------------------------------
                         slack                                  2.243    

Slack (MET) :             2.302ns  (required time - arrival time)
  Source:                 b_read_reg_46_reg[3]/C
                            (rising edge-triggered cell FDRE clocked by ap_clk  {rise@0.000ns fall@4.000ns period=8.000ns})
  Destination:            mul_AXILiteS_s_axi_U/int_ap_return_reg[9]/D
                            (rising edge-triggered cell FDRE clocked by ap_clk  {rise@0.000ns fall@4.000ns period=8.000ns})
  Path Group:             ap_clk
  Path Type:              Setup (Max at Slow Process Corner)
  Requirement:            8.000ns  (ap_clk rise@8.000ns - ap_clk rise@0.000ns)
  Data Path Delay:        5.700ns  (logic 2.457ns (43.109%)  route 3.243ns (56.891%))
  Logic Levels:           6  (CARRY4=2 LUT3=1 LUT4=1 LUT6=2)
  Clock Path Skew:        -0.025ns (DCD - SCD + CPR)
    Destination Clock Delay (DCD):    1.504ns = ( 9.504 - 8.000 ) 
    Source Clock Delay      (SCD):    1.679ns
    Clock Pessimism Removal (CPR):    0.150ns
  Clock Uncertainty:      0.035ns  ((TSJ^2 + TIJ^2)^1/2 + DJ) / 2 + PE
    Total System Jitter     (TSJ):    0.071ns
    Total Input Jitter      (TIJ):    0.000ns
    Discrete Jitter          (DJ):    0.000ns
    Phase Error              (PE):    0.000ns

    Location             Delay type                Incr(ns)  Path(ns)    Netlist Resource(s)
  -------------------------------------------------------------------    -------------------
                         (clock ap_clk rise edge)     0.000     0.000 r  
                                                      0.000     0.000 r  ap_clk (IN)
                         net (fo=82, unset)           1.679     1.679    ap_clk
    SLICE_X14Y45         FDRE                                         r  b_read_reg_46_reg[3]/C
  -------------------------------------------------------------------    -------------------
    SLICE_X14Y45         FDRE (Prop_fdre_C_Q)         0.456     2.135 f  b_read_reg_46_reg[3]/Q
                         net (fo=25, routed)          1.331     3.466    b_read_reg_46[3]
    SLICE_X13Y42         LUT6 (Prop_lut6_I0_O)        0.124     3.590 r  int_ap_return[10]_i_41/O
                         net (fo=1, routed)           0.709     4.299    int_ap_return[10]_i_41_n_0
    SLICE_X14Y43         LUT6 (Prop_lut6_I5_O)        0.124     4.423 r  int_ap_return[10]_i_27/O
                         net (fo=1, routed)           0.000     4.423    int_ap_return[10]_i_27_n_0
    SLICE_X14Y43         CARRY4 (Prop_carry4_S[0]_O[2])
                                                      0.547     4.970 r  int_ap_return_reg[10]_i_11/O[2]
                         net (fo=2, routed)           0.641     5.611    mul_AXILiteS_s_axi_U/a_read_reg_51_reg[2][2]
    SLICE_X15Y44         LUT3 (Prop_lut3_I2_O)        0.327     5.938 r  mul_AXILiteS_s_axi_U/int_ap_return[10]_i_5/O
                         net (fo=2, routed)           0.561     6.500    mul_AXILiteS_s_axi_U/int_ap_return[10]_i_5_n_0
    SLICE_X15Y45         LUT4 (Prop_lut4_I3_O)        0.332     6.832 r  mul_AXILiteS_s_axi_U/int_ap_return[10]_i_9/O
                         net (fo=1, routed)           0.000     6.832    mul_AXILiteS_s_axi_U/int_ap_return[10]_i_9_n_0
    SLICE_X15Y45         CARRY4 (Prop_carry4_S[0]_O[2])
                                                      0.547     7.379 r  mul_AXILiteS_s_axi_U/int_ap_return_reg[10]_i_1/O[2]
                         net (fo=1, routed)           0.000     7.379    mul_AXILiteS_s_axi_U/ap_return[9]
    SLICE_X15Y45         FDRE                                         r  mul_AXILiteS_s_axi_U/int_ap_return_reg[9]/D
  -------------------------------------------------------------------    -------------------

                         (clock ap_clk rise edge)     8.000     8.000 r  
                                                      0.000     8.000 r  ap_clk (IN)
                         net (fo=82, unset)           1.504     9.504    mul_AXILiteS_s_axi_U/ap_clk
    SLICE_X15Y45         FDRE                                         r  mul_AXILiteS_s_axi_U/int_ap_return_reg[9]/C
                         clock pessimism              0.150     9.654    
                         clock uncertainty           -0.035     9.619    
    SLICE_X15Y45         FDRE (Setup_fdre_C_D)        0.062     9.681    mul_AXILiteS_s_axi_U/int_ap_return_reg[9]
  -------------------------------------------------------------------
                         required time                          9.681    
                         arrival time                          -7.379    
  -------------------------------------------------------------------
                         slack                                  2.302    

Slack (MET) :             2.425ns  (required time - arrival time)
  Source:                 b_read_reg_46_reg[3]/C
                            (rising edge-triggered cell FDRE clocked by ap_clk  {rise@0.000ns fall@4.000ns period=8.000ns})
  Destination:            mul_AXILiteS_s_axi_U/int_ap_return_reg[8]/D
                            (rising edge-triggered cell FDRE clocked by ap_clk  {rise@0.000ns fall@4.000ns period=8.000ns})
  Path Group:             ap_clk
  Path Type:              Setup (Max at Slow Process Corner)
  Requirement:            8.000ns  (ap_clk rise@8.000ns - ap_clk rise@0.000ns)
  Data Path Delay:        5.577ns  (logic 2.334ns (41.854%)  route 3.243ns (58.146%))
  Logic Levels:           6  (CARRY4=2 LUT3=1 LUT4=1 LUT6=2)
  Clock Path Skew:        -0.025ns (DCD - SCD + CPR)
    Destination Clock Delay (DCD):    1.504ns = ( 9.504 - 8.000 ) 
    Source Clock Delay      (SCD):    1.679ns
    Clock Pessimism Removal (CPR):    0.150ns
  Clock Uncertainty:      0.035ns  ((TSJ^2 + TIJ^2)^1/2 + DJ) / 2 + PE
    Total System Jitter     (TSJ):    0.071ns
    Total Input Jitter      (TIJ):    0.000ns
    Discrete Jitter          (DJ):    0.000ns
    Phase Error              (PE):    0.000ns

    Location             Delay type                Incr(ns)  Path(ns)    Netlist Resource(s)
  -------------------------------------------------------------------    -------------------
                         (clock ap_clk rise edge)     0.000     0.000 r  
                                                      0.000     0.000 r  ap_clk (IN)
                         net (fo=82, unset)           1.679     1.679    ap_clk
    SLICE_X14Y45         FDRE                                         r  b_read_reg_46_reg[3]/C
  -------------------------------------------------------------------    -------------------
    SLICE_X14Y45         FDRE (Prop_fdre_C_Q)         0.456     2.135 f  b_read_reg_46_reg[3]/Q
                         net (fo=25, routed)          1.331     3.466    b_read_reg_46[3]
    SLICE_X13Y42         LUT6 (Prop_lut6_I0_O)        0.124     3.590 r  int_ap_return[10]_i_41/O
                         net (fo=1, routed)           0.709     4.299    int_ap_return[10]_i_41_n_0
    SLICE_X14Y43         LUT6 (Prop_lut6_I5_O)        0.124     4.423 r  int_ap_return[10]_i_27/O
                         net (fo=1, routed)           0.000     4.423    int_ap_return[10]_i_27_n_0
    SLICE_X14Y43         CARRY4 (Prop_carry4_S[0]_O[2])
                                                      0.547     4.970 r  int_ap_return_reg[10]_i_11/O[2]
                         net (fo=2, routed)           0.641     5.611    mul_AXILiteS_s_axi_U/a_read_reg_51_reg[2][2]
    SLICE_X15Y44         LUT3 (Prop_lut3_I2_O)        0.327     5.938 r  mul_AXILiteS_s_axi_U/int_ap_return[10]_i_5/O
                         net (fo=2, routed)           0.561     6.500    mul_AXILiteS_s_axi_U/int_ap_return[10]_i_5_n_0
    SLICE_X15Y45         LUT4 (Prop_lut4_I3_O)        0.332     6.832 r  mul_AXILiteS_s_axi_U/int_ap_return[10]_i_9/O
                         net (fo=1, routed)           0.000     6.832    mul_AXILiteS_s_axi_U/int_ap_return[10]_i_9_n_0
    SLICE_X15Y45         CARRY4 (Prop_carry4_S[0]_O[1])
                                                      0.424     7.256 r  mul_AXILiteS_s_axi_U/int_ap_return_reg[10]_i_1/O[1]
                         net (fo=1, routed)           0.000     7.256    mul_AXILiteS_s_axi_U/ap_return[8]
    SLICE_X15Y45         FDRE                                         r  mul_AXILiteS_s_axi_U/int_ap_return_reg[8]/D
  -------------------------------------------------------------------    -------------------

                         (clock ap_clk rise edge)     8.000     8.000 r  
                                                      0.000     8.000 r  ap_clk (IN)
                         net (fo=82, unset)           1.504     9.504    mul_AXILiteS_s_axi_U/ap_clk
    SLICE_X15Y45         FDRE                                         r  mul_AXILiteS_s_axi_U/int_ap_return_reg[8]/C
                         clock pessimism              0.150     9.654    
                         clock uncertainty           -0.035     9.619    
    SLICE_X15Y45         FDRE (Setup_fdre_C_D)        0.062     9.681    mul_AXILiteS_s_axi_U/int_ap_return_reg[8]
  -------------------------------------------------------------------
                         required time                          9.681    
                         arrival time                          -7.256    
  -------------------------------------------------------------------
                         slack                                  2.425    

Slack (MET) :             2.602ns  (required time - arrival time)
  Source:                 b_read_reg_46_reg[3]/C
                            (rising edge-triggered cell FDRE clocked by ap_clk  {rise@0.000ns fall@4.000ns period=8.000ns})
  Destination:            mul_AXILiteS_s_axi_U/int_ap_return_reg[7]/D
                            (rising edge-triggered cell FDRE clocked by ap_clk  {rise@0.000ns fall@4.000ns period=8.000ns})
  Path Group:             ap_clk
  Path Type:              Setup (Max at Slow Process Corner)
  Requirement:            8.000ns  (ap_clk rise@8.000ns - ap_clk rise@0.000ns)
  Data Path Delay:        5.400ns  (logic 2.157ns (39.948%)  route 3.243ns (60.052%))
  Logic Levels:           6  (CARRY4=2 LUT3=1 LUT4=1 LUT6=2)
  Clock Path Skew:        -0.025ns (DCD - SCD + CPR)
    Destination Clock Delay (DCD):    1.504ns = ( 9.504 - 8.000 ) 
    Source Clock Delay      (SCD):    1.679ns
    Clock Pessimism Removal (CPR):    0.150ns
  Clock Uncertainty:      0.035ns  ((TSJ^2 + TIJ^2)^1/2 + DJ) / 2 + PE
    Total System Jitter     (TSJ):    0.071ns
    Total Input Jitter      (TIJ):    0.000ns
    Discrete Jitter          (DJ):    0.000ns
    Phase Error              (PE):    0.000ns

    Location             Delay type                Incr(ns)  Path(ns)    Netlist Resource(s)
  -------------------------------------------------------------------    -------------------
                         (clock ap_clk rise edge)     0.000     0.000 r  
                                                      0.000     0.000 r  ap_clk (IN)
                         net (fo=82, unset)           1.679     1.679    ap_clk
    SLICE_X14Y45         FDRE                                         r  b_read_reg_46_reg[3]/C
  -------------------------------------------------------------------    -------------------
    SLICE_X14Y45         FDRE (Prop_fdre_C_Q)         0.456     2.135 f  b_read_reg_46_reg[3]/Q
                         net (fo=25, routed)          1.331     3.466    b_read_reg_46[3]
    SLICE_X13Y42         LUT6 (Prop_lut6_I0_O)        0.124     3.590 r  int_ap_return[10]_i_41/O
                         net (fo=1, routed)           0.709     4.299    int_ap_return[10]_i_41_n_0
    SLICE_X14Y43         LUT6 (Prop_lut6_I5_O)        0.124     4.423 r  int_ap_return[10]_i_27/O
                         net (fo=1, routed)           0.000     4.423    int_ap_return[10]_i_27_n_0
    SLICE_X14Y43         CARRY4 (Prop_carry4_S[0]_O[2])
                                                      0.547     4.970 r  int_ap_return_reg[10]_i_11/O[2]
                         net (fo=2, routed)           0.641     5.611    mul_AXILiteS_s_axi_U/a_read_reg_51_reg[2][2]
    SLICE_X15Y44         LUT3 (Prop_lut3_I2_O)        0.327     5.938 r  mul_AXILiteS_s_axi_U/int_ap_return[10]_i_5/O
                         net (fo=2, routed)           0.561     6.500    mul_AXILiteS_s_axi_U/int_ap_return[10]_i_5_n_0
    SLICE_X15Y45         LUT4 (Prop_lut4_I3_O)        0.332     6.832 r  mul_AXILiteS_s_axi_U/int_ap_return[10]_i_9/O
                         net (fo=1, routed)           0.000     6.832    mul_AXILiteS_s_axi_U/int_ap_return[10]_i_9_n_0
    SLICE_X15Y45         CARRY4 (Prop_carry4_S[0]_O[0])
                                                      0.247     7.079 r  mul_AXILiteS_s_axi_U/int_ap_return_reg[10]_i_1/O[0]
                         net (fo=1, routed)           0.000     7.079    mul_AXILiteS_s_axi_U/ap_return[7]
    SLICE_X15Y45         FDRE                                         r  mul_AXILiteS_s_axi_U/int_ap_return_reg[7]/D
  -------------------------------------------------------------------    -------------------

                         (clock ap_clk rise edge)     8.000     8.000 r  
                                                      0.000     8.000 r  ap_clk (IN)
                         net (fo=82, unset)           1.504     9.504    mul_AXILiteS_s_axi_U/ap_clk
    SLICE_X15Y45         FDRE                                         r  mul_AXILiteS_s_axi_U/int_ap_return_reg[7]/C
                         clock pessimism              0.150     9.654    
                         clock uncertainty           -0.035     9.619    
    SLICE_X15Y45         FDRE (Setup_fdre_C_D)        0.062     9.681    mul_AXILiteS_s_axi_U/int_ap_return_reg[7]
  -------------------------------------------------------------------
                         required time                          9.681    
                         arrival time                          -7.079    
  -------------------------------------------------------------------
                         slack                                  2.602    

Slack (MET) :             3.125ns  (required time - arrival time)
  Source:                 b_read_reg_46_reg[3]/C
                            (rising edge-triggered cell FDRE clocked by ap_clk  {rise@0.000ns fall@4.000ns period=8.000ns})
  Destination:            mul_AXILiteS_s_axi_U/int_ap_return_reg[6]/D
                            (rising edge-triggered cell FDRE clocked by ap_clk  {rise@0.000ns fall@4.000ns period=8.000ns})
  Path Group:             ap_clk
  Path Type:              Setup (Max at Slow Process Corner)
  Requirement:            8.000ns  (ap_clk rise@8.000ns - ap_clk rise@0.000ns)
  Data Path Delay:        4.877ns  (logic 2.002ns (41.050%)  route 2.875ns (58.950%))
  Logic Levels:           6  (CARRY4=2 LUT2=1 LUT4=1 LUT6=2)
  Clock Path Skew:        -0.025ns (DCD - SCD + CPR)
    Destination Clock Delay (DCD):    1.504ns = ( 9.504 - 8.000 ) 
    Source Clock Delay      (SCD):    1.679ns
    Clock Pessimism Removal (CPR):    0.150ns
  Clock Uncertainty:      0.035ns  ((TSJ^2 + TIJ^2)^1/2 + DJ) / 2 + PE
    Total System Jitter     (TSJ):    0.071ns
    Total Input Jitter      (TIJ):    0.000ns
    Discrete Jitter          (DJ):    0.000ns
    Phase Error              (PE):    0.000ns

    Location             Delay type                Incr(ns)  Path(ns)    Netlist Resource(s)
  -------------------------------------------------------------------    -------------------
                         (clock ap_clk rise edge)     0.000     0.000 r  
                                                      0.000     0.000 r  ap_clk (IN)
                         net (fo=82, unset)           1.679     1.679    ap_clk
    SLICE_X14Y45         FDRE                                         r  b_read_reg_46_reg[3]/C
  -------------------------------------------------------------------    -------------------
    SLICE_X14Y45         FDRE (Prop_fdre_C_Q)         0.456     2.135 f  b_read_reg_46_reg[3]/Q
                         net (fo=25, routed)          1.331     3.466    b_read_reg_46[3]
    SLICE_X13Y42         LUT6 (Prop_lut6_I0_O)        0.124     3.590 r  int_ap_return[10]_i_41/O
                         net (fo=1, routed)           0.709     4.299    int_ap_return[10]_i_41_n_0
    SLICE_X14Y43         LUT6 (Prop_lut6_I5_O)        0.124     4.423 r  int_ap_return[10]_i_27/O
                         net (fo=1, routed)           0.000     4.423    int_ap_return[10]_i_27_n_0
    SLICE_X14Y43         CARRY4 (Prop_carry4_S[0]_O[1])
                                                      0.424     4.847 r  int_ap_return_reg[10]_i_11/O[1]
                         net (fo=2, routed)           0.412     5.260    mul_AXILiteS_s_axi_U/a_read_reg_51_reg[2][1]
    SLICE_X15Y44         LUT2 (Prop_lut2_I1_O)        0.299     5.559 r  mul_AXILiteS_s_axi_U/int_ap_return[6]_i_2/O
                         net (fo=2, routed)           0.422     5.981    mul_AXILiteS_s_axi_U/int_ap_return[6]_i_2_n_0
    SLICE_X15Y44         LUT4 (Prop_lut4_I3_O)        0.327     6.308 r  mul_AXILiteS_s_axi_U/int_ap_return[6]_i_5/O
                         net (fo=1, routed)           0.000     6.308    mul_AXILiteS_s_axi_U/int_ap_return[6]_i_5_n_0
    SLICE_X15Y44         CARRY4 (Prop_carry4_S[3]_O[3])
                                                      0.248     6.556 r  mul_AXILiteS_s_axi_U/int_ap_return_reg[6]_i_1/O[3]
                         net (fo=1, routed)           0.000     6.556    mul_AXILiteS_s_axi_U/ap_return[6]
    SLICE_X15Y44         FDRE                                         r  mul_AXILiteS_s_axi_U/int_ap_return_reg[6]/D
  -------------------------------------------------------------------    -------------------

                         (clock ap_clk rise edge)     8.000     8.000 r  
                                                      0.000     8.000 r  ap_clk (IN)
                         net (fo=82, unset)           1.504     9.504    mul_AXILiteS_s_axi_U/ap_clk
    SLICE_X15Y44         FDRE                                         r  mul_AXILiteS_s_axi_U/int_ap_return_reg[6]/C
                         clock pessimism              0.150     9.654    
                         clock uncertainty           -0.035     9.619    
    SLICE_X15Y44         FDRE (Setup_fdre_C_D)        0.062     9.681    mul_AXILiteS_s_axi_U/int_ap_return_reg[6]
  -------------------------------------------------------------------
                         required time                          9.681    
                         arrival time                          -6.556    
  -------------------------------------------------------------------
                         slack                                  3.125    





Min Delay Paths
--------------------------------------------------------------------------------------
Slack (MET) :             0.182ns  (arrival time - required time)
  Source:                 mul_AXILiteS_s_axi_U/int_a_reg[6]/C
                            (rising edge-triggered cell FDRE clocked by ap_clk  {rise@0.000ns fall@4.000ns period=8.000ns})
  Destination:            a_read_reg_51_reg[6]/D
                            (rising edge-triggered cell FDRE clocked by ap_clk  {rise@0.000ns fall@4.000ns period=8.000ns})
  Path Group:             ap_clk
  Path Type:              Hold (Min at Fast Process Corner)
  Requirement:            0.000ns  (ap_clk rise@0.000ns - ap_clk rise@0.000ns)
  Data Path Delay:        0.286ns  (logic 0.141ns (49.237%)  route 0.145ns (50.763%))
  Logic Levels:           0  
  Clock Path Skew:        0.034ns (DCD - SCD - CPR)
    Destination Clock Delay (DCD):    0.832ns
    Source Clock Delay      (SCD):    0.564ns
    Clock Pessimism Removal (CPR):    0.234ns

    Location             Delay type                Incr(ns)  Path(ns)    Netlist Resource(s)
  -------------------------------------------------------------------    -------------------
                         (clock ap_clk rise edge)     0.000     0.000 r  
                                                      0.000     0.000 r  ap_clk (IN)
                         net (fo=82, unset)           0.564     0.564    mul_AXILiteS_s_axi_U/ap_clk
    SLICE_X17Y46         FDRE                                         r  mul_AXILiteS_s_axi_U/int_a_reg[6]/C
  -------------------------------------------------------------------    -------------------
    SLICE_X17Y46         FDRE (Prop_fdre_C_Q)         0.141     0.705 r  mul_AXILiteS_s_axi_U/int_a_reg[6]/Q
                         net (fo=3, routed)           0.145     0.850    a[6]
    SLICE_X14Y46         FDRE                                         r  a_read_reg_51_reg[6]/D
  -------------------------------------------------------------------    -------------------

                         (clock ap_clk rise edge)     0.000     0.000 r  
                                                      0.000     0.000 r  ap_clk (IN)
                         net (fo=82, unset)           0.832     0.832    ap_clk
    SLICE_X14Y46         FDRE                                         r  a_read_reg_51_reg[6]/C
                         clock pessimism             -0.234     0.598    
    SLICE_X14Y46         FDRE (Hold_fdre_C_D)         0.070     0.668    a_read_reg_51_reg[6]
  -------------------------------------------------------------------
                         required time                         -0.668    
                         arrival time                           0.850    
  -------------------------------------------------------------------
                         slack                                  0.182    

Slack (MET) :             0.186ns  (arrival time - required time)
  Source:                 mul_AXILiteS_s_axi_U/int_a_reg[0]/C
                            (rising edge-triggered cell FDRE clocked by ap_clk  {rise@0.000ns fall@4.000ns period=8.000ns})
  Destination:            a_read_reg_51_reg[0]/D
                            (rising edge-triggered cell FDRE clocked by ap_clk  {rise@0.000ns fall@4.000ns period=8.000ns})
  Path Group:             ap_clk
  Path Type:              Hold (Min at Fast Process Corner)
  Requirement:            0.000ns  (ap_clk rise@0.000ns - ap_clk rise@0.000ns)
  Data Path Delay:        0.286ns  (logic 0.141ns (49.326%)  route 0.145ns (50.674%))
  Logic Levels:           0  
  Clock Path Skew:        0.034ns (DCD - SCD - CPR)
    Destination Clock Delay (DCD):    0.832ns
    Source Clock Delay      (SCD):    0.564ns
    Clock Pessimism Removal (CPR):    0.234ns

    Location             Delay type                Incr(ns)  Path(ns)    Netlist Resource(s)
  -------------------------------------------------------------------    -------------------
                         (clock ap_clk rise edge)     0.000     0.000 r  
                                                      0.000     0.000 r  ap_clk (IN)
                         net (fo=82, unset)           0.564     0.564    mul_AXILiteS_s_axi_U/ap_clk
    SLICE_X18Y44         FDRE                                         r  mul_AXILiteS_s_axi_U/int_a_reg[0]/C
  -------------------------------------------------------------------    -------------------
    SLICE_X18Y44         FDRE (Prop_fdre_C_Q)         0.141     0.705 r  mul_AXILiteS_s_axi_U/int_a_reg[0]/Q
                         net (fo=3, routed)           0.145     0.850    a[0]
    SLICE_X14Y44         FDRE                                         r  a_read_reg_51_reg[0]/D
  -------------------------------------------------------------------    -------------------

                         (clock ap_clk rise edge)     0.000     0.000 r  
                                                      0.000     0.000 r  ap_clk (IN)
                         net (fo=82, unset)           0.832     0.832    ap_clk
    SLICE_X14Y44         FDRE                                         r  a_read_reg_51_reg[0]/C
                         clock pessimism             -0.234     0.598    
    SLICE_X14Y44         FDRE (Hold_fdre_C_D)         0.066     0.664    a_read_reg_51_reg[0]
  -------------------------------------------------------------------
                         required time                         -0.664    
                         arrival time                           0.850    
  -------------------------------------------------------------------
                         slack                                  0.186    

Slack (MET) :             0.186ns  (arrival time - required time)
  Source:                 mul_AXILiteS_s_axi_U/int_a_reg[4]/C
                            (rising edge-triggered cell FDRE clocked by ap_clk  {rise@0.000ns fall@4.000ns period=8.000ns})
  Destination:            a_read_reg_51_reg[4]/D
                            (rising edge-triggered cell FDRE clocked by ap_clk  {rise@0.000ns fall@4.000ns period=8.000ns})
  Path Group:             ap_clk
  Path Type:              Hold (Min at Fast Process Corner)
  Requirement:            0.000ns  (ap_clk rise@0.000ns - ap_clk rise@0.000ns)
  Data Path Delay:        0.267ns  (logic 0.141ns (52.742%)  route 0.126ns (47.258%))
  Logic Levels:           0  
  Clock Path Skew:        0.015ns (DCD - SCD - CPR)
    Destination Clock Delay (DCD):    0.832ns
    Source Clock Delay      (SCD):    0.564ns
    Clock Pessimism Removal (CPR):    0.253ns

    Location             Delay type                Incr(ns)  Path(ns)    Netlist Resource(s)
  -------------------------------------------------------------------    -------------------
                         (clock ap_clk rise edge)     0.000     0.000 r  
                                                      0.000     0.000 r  ap_clk (IN)
                         net (fo=82, unset)           0.564     0.564    mul_AXILiteS_s_axi_U/ap_clk
    SLICE_X17Y44         FDRE                                         r  mul_AXILiteS_s_axi_U/int_a_reg[4]/C
  -------------------------------------------------------------------    -------------------
    SLICE_X17Y44         FDRE (Prop_fdre_C_Q)         0.141     0.705 r  mul_AXILiteS_s_axi_U/int_a_reg[4]/Q
                         net (fo=3, routed)           0.126     0.831    a[4]
    SLICE_X19Y44         FDRE                                         r  a_read_reg_51_reg[4]/D
  -------------------------------------------------------------------    -------------------

                         (clock ap_clk rise edge)     0.000     0.000 r  
                                                      0.000     0.000 r  ap_clk (IN)
                         net (fo=82, unset)           0.832     0.832    ap_clk
    SLICE_X19Y44         FDRE                                         r  a_read_reg_51_reg[4]/C
                         clock pessimism             -0.253     0.579    
    SLICE_X19Y44         FDRE (Hold_fdre_C_D)         0.066     0.645    a_read_reg_51_reg[4]
  -------------------------------------------------------------------
                         required time                         -0.645    
                         arrival time                           0.831    
  -------------------------------------------------------------------
                         slack                                  0.186    

Slack (MET) :             0.201ns  (arrival time - required time)
  Source:                 mul_AXILiteS_s_axi_U/int_auto_restart_reg/C
                            (rising edge-triggered cell FDRE clocked by ap_clk  {rise@0.000ns fall@4.000ns period=8.000ns})
  Destination:            mul_AXILiteS_s_axi_U/rdata_reg[7]/D
                            (rising edge-triggered cell FDRE clocked by ap_clk  {rise@0.000ns fall@4.000ns period=8.000ns})
  Path Group:             ap_clk
  Path Type:              Hold (Min at Fast Process Corner)
  Requirement:            0.000ns  (ap_clk rise@0.000ns - ap_clk rise@0.000ns)
  Data Path Delay:        0.307ns  (logic 0.186ns (60.540%)  route 0.121ns (39.460%))
  Logic Levels:           1  (LUT6=1)
  Clock Path Skew:        0.015ns (DCD - SCD - CPR)
    Destination Clock Delay (DCD):    0.833ns
    Source Clock Delay      (SCD):    0.565ns
    Clock Pessimism Removal (CPR):    0.253ns

    Location             Delay type                Incr(ns)  Path(ns)    Netlist Resource(s)
  -------------------------------------------------------------------    -------------------
                         (clock ap_clk rise edge)     0.000     0.000 r  
                                                      0.000     0.000 r  ap_clk (IN)
                         net (fo=82, unset)           0.565     0.565    mul_AXILiteS_s_axi_U/ap_clk
    SLICE_X18Y47         FDRE                                         r  mul_AXILiteS_s_axi_U/int_auto_restart_reg/C
  -------------------------------------------------------------------    -------------------
    SLICE_X18Y47         FDRE (Prop_fdre_C_Q)         0.141     0.706 r  mul_AXILiteS_s_axi_U/int_auto_restart_reg/Q
                         net (fo=3, routed)           0.121     0.827    mul_AXILiteS_s_axi_U/int_auto_restart
    SLICE_X17Y47         LUT6 (Prop_lut6_I4_O)        0.045     0.872 r  mul_AXILiteS_s_axi_U/rdata[7]_i_1/O
                         net (fo=1, routed)           0.000     0.872    mul_AXILiteS_s_axi_U/rdata[7]_i_1_n_0
    SLICE_X17Y47         FDRE                                         r  mul_AXILiteS_s_axi_U/rdata_reg[7]/D
  -------------------------------------------------------------------    -------------------

                         (clock ap_clk rise edge)     0.000     0.000 r  
                                                      0.000     0.000 r  ap_clk (IN)
                         net (fo=82, unset)           0.833     0.833    mul_AXILiteS_s_axi_U/ap_clk
    SLICE_X17Y47         FDRE                                         r  mul_AXILiteS_s_axi_U/rdata_reg[7]/C
                         clock pessimism             -0.253     0.580    
    SLICE_X17Y47         FDRE (Hold_fdre_C_D)         0.091     0.671    mul_AXILiteS_s_axi_U/rdata_reg[7]
  -------------------------------------------------------------------
                         required time                         -0.671    
                         arrival time                           0.872    
  -------------------------------------------------------------------
                         slack                                  0.201    

Slack (MET) :             0.222ns  (arrival time - required time)
  Source:                 mul_AXILiteS_s_axi_U/int_isr_reg[0]/C
                            (rising edge-triggered cell FDRE clocked by ap_clk  {rise@0.000ns fall@4.000ns period=8.000ns})
  Destination:            mul_AXILiteS_s_axi_U/int_isr_reg[0]/D
                            (rising edge-triggered cell FDRE clocked by ap_clk  {rise@0.000ns fall@4.000ns period=8.000ns})
  Path Group:             ap_clk
  Path Type:              Hold (Min at Fast Process Corner)
  Requirement:            0.000ns  (ap_clk rise@0.000ns - ap_clk rise@0.000ns)
  Data Path Delay:        0.329ns  (logic 0.186ns (56.500%)  route 0.143ns (43.500%))
  Logic Levels:           1  (LUT5=1)
  Clock Path Skew:        0.015ns (DCD - SCD - CPR)
    Destination Clock Delay (DCD):    0.832ns
    Source Clock Delay      (SCD):    0.564ns
    Clock Pessimism Removal (CPR):    0.253ns

    Location             Delay type                Incr(ns)  Path(ns)    Netlist Resource(s)
  -------------------------------------------------------------------    -------------------
                         (clock ap_clk rise edge)     0.000     0.000 r  
                                                      0.000     0.000 r  ap_clk (IN)
                         net (fo=82, unset)           0.564     0.564    mul_AXILiteS_s_axi_U/ap_clk
    SLICE_X18Y46         FDRE                                         r  mul_AXILiteS_s_axi_U/int_isr_reg[0]/C
  -------------------------------------------------------------------    -------------------
    SLICE_X18Y46         FDRE (Prop_fdre_C_Q)         0.141     0.705 r  mul_AXILiteS_s_axi_U/int_isr_reg[0]/Q
                         net (fo=3, routed)           0.143     0.848    mul_AXILiteS_s_axi_U/int_isr_reg_n_0_[0]
    SLICE_X18Y46         LUT5 (Prop_lut5_I4_O)        0.045     0.893 r  mul_AXILiteS_s_axi_U/int_isr[0]_i_1/O
                         net (fo=1, routed)           0.000     0.893    mul_AXILiteS_s_axi_U/int_isr[0]_i_1_n_0
    SLICE_X18Y46         FDRE                                         r  mul_AXILiteS_s_axi_U/int_isr_reg[0]/D
  -------------------------------------------------------------------    -------------------

                         (clock ap_clk rise edge)     0.000     0.000 r  
                                                      0.000     0.000 r  ap_clk (IN)
                         net (fo=82, unset)           0.832     0.832    mul_AXILiteS_s_axi_U/ap_clk
    SLICE_X18Y46         FDRE                                         r  mul_AXILiteS_s_axi_U/int_isr_reg[0]/C
                         clock pessimism             -0.253     0.579    
    SLICE_X18Y46         FDRE (Hold_fdre_C_D)         0.092     0.671    mul_AXILiteS_s_axi_U/int_isr_reg[0]
  -------------------------------------------------------------------
                         required time                         -0.671    
                         arrival time                           0.893    
  -------------------------------------------------------------------
                         slack                                  0.222    

Slack (MET) :             0.230ns  (arrival time - required time)
  Source:                 mul_AXILiteS_s_axi_U/rstate_reg[0]/C
                            (rising edge-triggered cell FDRE clocked by ap_clk  {rise@0.000ns fall@4.000ns period=8.000ns})
  Destination:            mul_AXILiteS_s_axi_U/int_ap_done_reg/D
                            (rising edge-triggered cell FDRE clocked by ap_clk  {rise@0.000ns fall@4.000ns period=8.000ns})
  Path Group:             ap_clk
  Path Type:              Hold (Min at Fast Process Corner)
  Requirement:            0.000ns  (ap_clk rise@0.000ns - ap_clk rise@0.000ns)
  Data Path Delay:        0.335ns  (logic 0.186ns (55.540%)  route 0.149ns (44.460%))
  Logic Levels:           1  (LUT6=1)
  Clock Path Skew:        0.014ns (DCD - SCD - CPR)
    Destination Clock Delay (DCD):    0.831ns
    Source Clock Delay      (SCD):    0.564ns
    Clock Pessimism Removal (CPR):    0.253ns

    Location             Delay type                Incr(ns)  Path(ns)    Netlist Resource(s)
  -------------------------------------------------------------------    -------------------
                         (clock ap_clk rise edge)     0.000     0.000 r  
                                                      0.000     0.000 r  ap_clk (IN)
                         net (fo=82, unset)           0.564     0.564    mul_AXILiteS_s_axi_U/ap_clk
    SLICE_X19Y43         FDRE                                         r  mul_AXILiteS_s_axi_U/rstate_reg[0]/C
  -------------------------------------------------------------------    -------------------
    SLICE_X19Y43         FDRE (Prop_fdre_C_Q)         0.141     0.705 r  mul_AXILiteS_s_axi_U/rstate_reg[0]/Q
                         net (fo=5, routed)           0.149     0.854    mul_AXILiteS_s_axi_U/s_axi_AXILiteS_RVALID
    SLICE_X18Y42         LUT6 (Prop_lut6_I0_O)        0.045     0.899 r  mul_AXILiteS_s_axi_U/int_ap_done_i_1/O
                         net (fo=1, routed)           0.000     0.899    mul_AXILiteS_s_axi_U/int_ap_done_i_1_n_0
    SLICE_X18Y42         FDRE                                         r  mul_AXILiteS_s_axi_U/int_ap_done_reg/D
  -------------------------------------------------------------------    -------------------

                         (clock ap_clk rise edge)     0.000     0.000 r  
                                                      0.000     0.000 r  ap_clk (IN)
                         net (fo=82, unset)           0.831     0.831    mul_AXILiteS_s_axi_U/ap_clk
    SLICE_X18Y42         FDRE                                         r  mul_AXILiteS_s_axi_U/int_ap_done_reg/C
                         clock pessimism             -0.253     0.578    
    SLICE_X18Y42         FDRE (Hold_fdre_C_D)         0.091     0.669    mul_AXILiteS_s_axi_U/int_ap_done_reg
  -------------------------------------------------------------------
                         required time                         -0.669    
                         arrival time                           0.899    
  -------------------------------------------------------------------
                         slack                                  0.230    

Slack (MET) :             0.233ns  (arrival time - required time)
  Source:                 mul_AXILiteS_s_axi_U/int_ap_return_reg[11]/C
                            (rising edge-triggered cell FDRE clocked by ap_clk  {rise@0.000ns fall@4.000ns period=8.000ns})
  Destination:            mul_AXILiteS_s_axi_U/rdata_reg[11]/D
                            (rising edge-triggered cell FDRE clocked by ap_clk  {rise@0.000ns fall@4.000ns period=8.000ns})
  Path Group:             ap_clk
  Path Type:              Hold (Min at Fast Process Corner)
  Requirement:            0.000ns  (ap_clk rise@0.000ns - ap_clk rise@0.000ns)
  Data Path Delay:        0.387ns  (logic 0.186ns (48.075%)  route 0.201ns (51.925%))
  Logic Levels:           1  (LUT3=1)
  Clock Path Skew:        0.034ns (DCD - SCD - CPR)
    Destination Clock Delay (DCD):    0.832ns
    Source Clock Delay      (SCD):    0.564ns
    Clock Pessimism Removal (CPR):    0.234ns

    Location             Delay type                Incr(ns)  Path(ns)    Netlist Resource(s)
  -------------------------------------------------------------------    -------------------
                         (clock ap_clk rise edge)     0.000     0.000 r  
                                                      0.000     0.000 r  ap_clk (IN)
                         net (fo=82, unset)           0.564     0.564    mul_AXILiteS_s_axi_U/ap_clk
    SLICE_X15Y46         FDRE                                         r  mul_AXILiteS_s_axi_U/int_ap_return_reg[11]/C
  -------------------------------------------------------------------    -------------------
    SLICE_X15Y46         FDRE (Prop_fdre_C_Q)         0.141     0.705 r  mul_AXILiteS_s_axi_U/int_ap_return_reg[11]/Q
                         net (fo=1, routed)           0.201     0.906    mul_AXILiteS_s_axi_U/int_ap_return[11]
    SLICE_X16Y46         LUT3 (Prop_lut3_I1_O)        0.045     0.951 r  mul_AXILiteS_s_axi_U/rdata[11]_i_1/O
                         net (fo=1, routed)           0.000     0.951    mul_AXILiteS_s_axi_U/rdata[11]_i_1_n_0
    SLICE_X16Y46         FDRE                                         r  mul_AXILiteS_s_axi_U/rdata_reg[11]/D
  -------------------------------------------------------------------    -------------------

                         (clock ap_clk rise edge)     0.000     0.000 r  
                                                      0.000     0.000 r  ap_clk (IN)
                         net (fo=82, unset)           0.832     0.832    mul_AXILiteS_s_axi_U/ap_clk
    SLICE_X16Y46         FDRE                                         r  mul_AXILiteS_s_axi_U/rdata_reg[11]/C
                         clock pessimism             -0.234     0.598    
    SLICE_X16Y46         FDRE (Hold_fdre_C_D)         0.120     0.718    mul_AXILiteS_s_axi_U/rdata_reg[11]
  -------------------------------------------------------------------
                         required time                         -0.718    
                         arrival time                           0.951    
  -------------------------------------------------------------------
                         slack                                  0.233    

Slack (MET) :             0.243ns  (arrival time - required time)
  Source:                 mul_AXILiteS_s_axi_U/int_b_reg[3]/C
                            (rising edge-triggered cell FDRE clocked by ap_clk  {rise@0.000ns fall@4.000ns period=8.000ns})
  Destination:            b_read_reg_46_reg[3]/D
                            (rising edge-triggered cell FDRE clocked by ap_clk  {rise@0.000ns fall@4.000ns period=8.000ns})
  Path Group:             ap_clk
  Path Type:              Hold (Min at Fast Process Corner)
  Requirement:            0.000ns  (ap_clk rise@0.000ns - ap_clk rise@0.000ns)
  Data Path Delay:        0.294ns  (logic 0.148ns (50.271%)  route 0.146ns (49.729%))
  Logic Levels:           0  
  Clock Path Skew:        0.034ns (DCD - SCD - CPR)
    Destination Clock Delay (DCD):    0.832ns
    Source Clock Delay      (SCD):    0.564ns
    Clock Pessimism Removal (CPR):    0.234ns

    Location             Delay type                Incr(ns)  Path(ns)    Netlist Resource(s)
  -------------------------------------------------------------------    -------------------
                         (clock ap_clk rise edge)     0.000     0.000 r  
                                                      0.000     0.000 r  ap_clk (IN)
                         net (fo=82, unset)           0.564     0.564    mul_AXILiteS_s_axi_U/ap_clk
    SLICE_X16Y45         FDRE                                         r  mul_AXILiteS_s_axi_U/int_b_reg[3]/C
  -------------------------------------------------------------------    -------------------
    SLICE_X16Y45         FDRE (Prop_fdre_C_Q)         0.148     0.712 r  mul_AXILiteS_s_axi_U/int_b_reg[3]/Q
                         net (fo=3, routed)           0.146     0.858    b[3]
    SLICE_X14Y45         FDRE                                         r  b_read_reg_46_reg[3]/D
  -------------------------------------------------------------------    -------------------

                         (clock ap_clk rise edge)     0.000     0.000 r  
                                                      0.000     0.000 r  ap_clk (IN)
                         net (fo=82, unset)           0.832     0.832    ap_clk
    SLICE_X14Y45         FDRE                                         r  b_read_reg_46_reg[3]/C
                         clock pessimism             -0.234     0.598    
    SLICE_X14Y45         FDRE (Hold_fdre_C_D)         0.017     0.615    b_read_reg_46_reg[3]
  -------------------------------------------------------------------
                         required time                         -0.615    
                         arrival time                           0.858    
  -------------------------------------------------------------------
                         slack                                  0.243    

Slack (MET) :             0.246ns  (arrival time - required time)
  Source:                 mul_AXILiteS_s_axi_U/int_gie_reg/C
                            (rising edge-triggered cell FDRE clocked by ap_clk  {rise@0.000ns fall@4.000ns period=8.000ns})
  Destination:            mul_AXILiteS_s_axi_U/int_gie_reg/D
                            (rising edge-triggered cell FDRE clocked by ap_clk  {rise@0.000ns fall@4.000ns period=8.000ns})
  Path Group:             ap_clk
  Path Type:              Hold (Min at Fast Process Corner)
  Requirement:            0.000ns  (ap_clk rise@0.000ns - ap_clk rise@0.000ns)
  Data Path Delay:        0.353ns  (logic 0.186ns (52.748%)  route 0.167ns (47.252%))
  Logic Levels:           1  (LUT5=1)
  Clock Path Skew:        0.015ns (DCD - SCD - CPR)
    Destination Clock Delay (DCD):    0.832ns
    Source Clock Delay      (SCD):    0.564ns
    Clock Pessimism Removal (CPR):    0.253ns

    Location             Delay type                Incr(ns)  Path(ns)    Netlist Resource(s)
  -------------------------------------------------------------------    -------------------
                         (clock ap_clk rise edge)     0.000     0.000 r  
                                                      0.000     0.000 r  ap_clk (IN)
                         net (fo=82, unset)           0.564     0.564    mul_AXILiteS_s_axi_U/ap_clk
    SLICE_X19Y46         FDRE                                         r  mul_AXILiteS_s_axi_U/int_gie_reg/C
  -------------------------------------------------------------------    -------------------
    SLICE_X19Y46         FDRE (Prop_fdre_C_Q)         0.141     0.705 r  mul_AXILiteS_s_axi_U/int_gie_reg/Q
                         net (fo=3, routed)           0.167     0.872    mul_AXILiteS_s_axi_U/int_gie_reg_n_0
    SLICE_X19Y46         LUT5 (Prop_lut5_I4_O)        0.045     0.917 r  mul_AXILiteS_s_axi_U/int_gie_i_1/O
                         net (fo=1, routed)           0.000     0.917    mul_AXILiteS_s_axi_U/int_gie_i_1_n_0
    SLICE_X19Y46         FDRE                                         r  mul_AXILiteS_s_axi_U/int_gie_reg/D
  -------------------------------------------------------------------    -------------------

                         (clock ap_clk rise edge)     0.000     0.000 r  
                                                      0.000     0.000 r  ap_clk (IN)
                         net (fo=82, unset)           0.832     0.832    mul_AXILiteS_s_axi_U/ap_clk
    SLICE_X19Y46         FDRE                                         r  mul_AXILiteS_s_axi_U/int_gie_reg/C
                         clock pessimism             -0.253     0.579    
    SLICE_X19Y46         FDRE (Hold_fdre_C_D)         0.092     0.671    mul_AXILiteS_s_axi_U/int_gie_reg
  -------------------------------------------------------------------
                         required time                         -0.671    
                         arrival time                           0.917    
  -------------------------------------------------------------------
                         slack                                  0.246    

Slack (MET) :             0.248ns  (arrival time - required time)
  Source:                 mul_AXILiteS_s_axi_U/int_isr_reg[0]/C
                            (rising edge-triggered cell FDRE clocked by ap_clk  {rise@0.000ns fall@4.000ns period=8.000ns})
  Destination:            mul_AXILiteS_s_axi_U/rdata_reg[0]/D
                            (rising edge-triggered cell FDRE clocked by ap_clk  {rise@0.000ns fall@4.000ns period=8.000ns})
  Path Group:             ap_clk
  Path Type:              Hold (Min at Fast Process Corner)
  Requirement:            0.000ns  (ap_clk rise@0.000ns - ap_clk rise@0.000ns)
  Data Path Delay:        0.368ns  (logic 0.248ns (67.410%)  route 0.120ns (32.590%))
  Logic Levels:           2  (LUT6=1 MUXF7=1)
  Clock Path Skew:        0.015ns (DCD - SCD - CPR)
    Destination Clock Delay (DCD):    0.832ns
    Source Clock Delay      (SCD):    0.564ns
    Clock Pessimism Removal (CPR):    0.253ns

    Location             Delay type                Incr(ns)  Path(ns)    Netlist Resource(s)
  -------------------------------------------------------------------    -------------------
                         (clock ap_clk rise edge)     0.000     0.000 r  
                                                      0.000     0.000 r  ap_clk (IN)
                         net (fo=82, unset)           0.564     0.564    mul_AXILiteS_s_axi_U/ap_clk
    SLICE_X18Y46         FDRE                                         r  mul_AXILiteS_s_axi_U/int_isr_reg[0]/C
  -------------------------------------------------------------------    -------------------
    SLICE_X18Y46         FDRE (Prop_fdre_C_Q)         0.141     0.705 r  mul_AXILiteS_s_axi_U/int_isr_reg[0]/Q
                         net (fo=3, routed)           0.120     0.825    mul_AXILiteS_s_axi_U/int_isr_reg_n_0_[0]
    SLICE_X19Y45         LUT6 (Prop_lut6_I0_O)        0.045     0.870 r  mul_AXILiteS_s_axi_U/rdata[0]_i_2/O
                         net (fo=1, routed)           0.000     0.870    mul_AXILiteS_s_axi_U/rdata[0]_i_2_n_0
    SLICE_X19Y45         MUXF7 (Prop_muxf7_I0_O)      0.062     0.932 r  mul_AXILiteS_s_axi_U/rdata_reg[0]_i_1/O
                         net (fo=1, routed)           0.000     0.932    mul_AXILiteS_s_axi_U/rdata_reg[0]_i_1_n_0
    SLICE_X19Y45         FDRE                                         r  mul_AXILiteS_s_axi_U/rdata_reg[0]/D
  -------------------------------------------------------------------    -------------------

                         (clock ap_clk rise edge)     0.000     0.000 r  
                                                      0.000     0.000 r  ap_clk (IN)
                         net (fo=82, unset)           0.832     0.832    mul_AXILiteS_s_axi_U/ap_clk
    SLICE_X19Y45         FDRE                                         r  mul_AXILiteS_s_axi_U/rdata_reg[0]/C
                         clock pessimism             -0.253     0.579    
    SLICE_X19Y45         FDRE (Hold_fdre_C_D)         0.105     0.684    mul_AXILiteS_s_axi_U/rdata_reg[0]
  -------------------------------------------------------------------
                         required time                         -0.684    
                         arrival time                           0.932    
  -------------------------------------------------------------------
                         slack                                  0.248    





Pulse Width Checks
--------------------------------------------------------------------------------------
Clock Name:         ap_clk
Waveform(ns):       { 0.000 4.000 }
Period(ns):         8.000
Sources:            { ap_clk }

Check Type        Corner  Lib Pin  Reference Pin  Required(ns)  Actual(ns)  Slack(ns)  Location      Pin
Min Period        n/a     FDRE/C   n/a            1.000         8.000       7.000      SLICE_X14Y44  a_read_reg_51_reg[0]/C
Min Period        n/a     FDRE/C   n/a            1.000         8.000       7.000      SLICE_X17Y43  a_read_reg_51_reg[1]/C
Min Period        n/a     FDRE/C   n/a            1.000         8.000       7.000      SLICE_X16Y44  a_read_reg_51_reg[2]/C
Min Period        n/a     FDRE/C   n/a            1.000         8.000       7.000      SLICE_X19Y44  a_read_reg_51_reg[3]/C
Min Period        n/a     FDRE/C   n/a            1.000         8.000       7.000      SLICE_X19Y44  a_read_reg_51_reg[4]/C
Min Period        n/a     FDRE/C   n/a            1.000         8.000       7.000      SLICE_X16Y44  a_read_reg_51_reg[5]/C
Min Period        n/a     FDRE/C   n/a            1.000         8.000       7.000      SLICE_X14Y46  a_read_reg_51_reg[6]/C
Min Period        n/a     FDRE/C   n/a            1.000         8.000       7.000      SLICE_X14Y45  a_read_reg_51_reg[7]/C
Min Period        n/a     FDSE/C   n/a            1.000         8.000       7.000      SLICE_X19Y46  ap_CS_fsm_reg[0]/C
Min Period        n/a     FDRE/C   n/a            1.000         8.000       7.000      SLICE_X18Y47  ap_CS_fsm_reg[1]/C
Low Pulse Width   Slow    FDRE/C   n/a            0.500         4.000       3.500      SLICE_X14Y44  a_read_reg_51_reg[0]/C
Low Pulse Width   Slow    FDRE/C   n/a            0.500         4.000       3.500      SLICE_X17Y43  a_read_reg_51_reg[1]/C
Low Pulse Width   Slow    FDRE/C   n/a            0.500         4.000       3.500      SLICE_X16Y44  a_read_reg_51_reg[2]/C
Low Pulse Width   Slow    FDRE/C   n/a            0.500         4.000       3.500      SLICE_X19Y44  a_read_reg_51_reg[3]/C
Low Pulse Width   Slow    FDRE/C   n/a            0.500         4.000       3.500      SLICE_X19Y44  a_read_reg_51_reg[4]/C
Low Pulse Width   Slow    FDRE/C   n/a            0.500         4.000       3.500      SLICE_X16Y44  a_read_reg_51_reg[5]/C
Low Pulse Width   Slow    FDRE/C   n/a            0.500         4.000       3.500      SLICE_X14Y46  a_read_reg_51_reg[6]/C
Low Pulse Width   Slow    FDRE/C   n/a            0.500         4.000       3.500      SLICE_X14Y45  a_read_reg_51_reg[7]/C
Low Pulse Width   Slow    FDSE/C   n/a            0.500         4.000       3.500      SLICE_X19Y46  ap_CS_fsm_reg[0]/C
Low Pulse Width   Slow    FDRE/C   n/a            0.500         4.000       3.500      SLICE_X18Y47  ap_CS_fsm_reg[1]/C
High Pulse Width  Fast    FDRE/C   n/a            0.500         4.000       3.500      SLICE_X14Y44  a_read_reg_51_reg[0]/C
High Pulse Width  Fast    FDRE/C   n/a            0.500         4.000       3.500      SLICE_X17Y43  a_read_reg_51_reg[1]/C
High Pulse Width  Fast    FDRE/C   n/a            0.500         4.000       3.500      SLICE_X16Y44  a_read_reg_51_reg[2]/C
High Pulse Width  Fast    FDRE/C   n/a            0.500         4.000       3.500      SLICE_X19Y44  a_read_reg_51_reg[3]/C
High Pulse Width  Fast    FDRE/C   n/a            0.500         4.000       3.500      SLICE_X19Y44  a_read_reg_51_reg[4]/C
High Pulse Width  Fast    FDRE/C   n/a            0.500         4.000       3.500      SLICE_X16Y44  a_read_reg_51_reg[5]/C
High Pulse Width  Fast    FDRE/C   n/a            0.500         4.000       3.500      SLICE_X14Y46  a_read_reg_51_reg[6]/C
High Pulse Width  Fast    FDRE/C   n/a            0.500         4.000       3.500      SLICE_X14Y45  a_read_reg_51_reg[7]/C
High Pulse Width  Fast    FDSE/C   n/a            0.500         4.000       3.500      SLICE_X19Y46  ap_CS_fsm_reg[0]/C
High Pulse Width  Fast    FDRE/C   n/a            0.500         4.000       3.500      SLICE_X16Y44  b_read_reg_46_reg[0]/C



